
Allocating common symbols
Common symbol       size              file

mem_para_info       0xb8              drivers/soc/sunxi/pm/standby/super/resume/resume1_c_part.o
saved_context_r13_irq
                    0x8               drivers/soc/sunxi/pm/standby/../mem_cpu.o
saved_context_r12_svc
                    0x8               drivers/soc/sunxi/pm/standby/../mem_cpu.o
saved_spsr_fiq      0x4               drivers/soc/sunxi/pm/standby/../mem_cpu.o
saved_spsr_und      0x4               drivers/soc/sunxi/pm/standby/../mem_cpu.o
saved_spsr_irq      0x4               drivers/soc/sunxi/pm/standby/../mem_cpu.o
saved_context_r13_abt
                    0x8               drivers/soc/sunxi/pm/standby/../mem_cpu.o
saved_spsr_mon      0x4               drivers/soc/sunxi/pm/standby/../mem_cpu.o
saved_empty_context_svc
                    0xb0              drivers/soc/sunxi/pm/standby/../mem_cpu.o
saved_context_r13_fiq
                    0x1c              drivers/soc/sunxi/pm/standby/../mem_cpu.o
saved_cpsr_svc      0x4               drivers/soc/sunxi/pm/standby/../mem_cpu.o
saved_context_r13_sys
                    0x8               drivers/soc/sunxi/pm/standby/../mem_cpu.o
saved_spsr_abt      0x4               drivers/soc/sunxi/pm/standby/../mem_cpu.o
saved_context_r13_mon
                    0x8               drivers/soc/sunxi/pm/standby/../mem_cpu.o
func_entry          0x4               drivers/soc/sunxi/pm/standby/super/resume/resume1_c_part.o
saved_spsr_svc      0x4               drivers/soc/sunxi/pm/standby/../mem_cpu.o
saved_context_r13_und
                    0x8               drivers/soc/sunxi/pm/standby/../mem_cpu.o

Memory Configuration

Name             Origin             Length             Attributes
*default*        0x0000000000000000 0xffffffffffffffff

Linker script and memory map

                0x0000000000000000                __resume1_start = .

.text           0x0000000000000000     0x2b9c
 drivers/soc/sunxi/pm/standby/super/resume/resume_head.o(.rodata)
 .rodata        0x0000000000000000       0x30 drivers/soc/sunxi/pm/standby/super/resume/resume_head.o
                0x0000000000000000                resume_head
 drivers/soc/sunxi/pm/standby/super/resume/resume1.o(.text)
 .text          0x0000000000000030       0x5c drivers/soc/sunxi/pm/standby/super/resume/resume1.o
                0x0000000000000030                _start
 *(.text)
 .text          0x000000000000008c        0x0 drivers/soc/sunxi/pm/standby/super/resume/resume_head.o
 .text          0x000000000000008c       0x2c drivers/soc/sunxi/pm/standby/super/common.o
                0x000000000000008c                mem_memcpy
 .text          0x00000000000000b8        0x0 drivers/soc/sunxi/pm/standby/super/super_twi.o
 .text          0x00000000000000b8       0x28 drivers/soc/sunxi/pm/standby/super/super_delay.o
                0x00000000000000b8                mem_delay
 .text          0x00000000000000e0        0x0 drivers/soc/sunxi/pm/standby/super/super_clock.o
 .text          0x00000000000000e0        0x0 drivers/soc/sunxi/pm/standby/super/super_power.o
 .text          0x00000000000000e0        0x0 drivers/soc/sunxi/pm/standby/super/super_cpus.o
 .text          0x00000000000000e0      0x29c drivers/soc/sunxi/pm/standby/super/resume/resume1_c_part.o
                0x00000000000000e0                resume1_c_part
                0x0000000000000214                set_pll
 .text          0x000000000000037c      0x184 drivers/soc/sunxi/pm/standby/../pm_debug.o
                0x000000000000037c                busy_waiting
                0x000000000000039c                save_mem_flag
                0x00000000000003a0                clear_mem_flag
                0x00000000000003a4                mem_status_init
                0x00000000000003a8                mem_status_init_nommu
                0x00000000000003ac                mem_status_clear
                0x00000000000003cc                mem_status_exit
                0x00000000000003d0                save_mem_status
                0x00000000000003f8                get_mem_status
                0x0000000000000408                show_mem_status
                0x0000000000000444                save_mem_status_nommu
                0x0000000000000464                save_cpux_mem_status_nommu
                0x0000000000000484                io_init
                0x000000000000049c                io_init_high
                0x00000000000004b4                io_init_low
                0x00000000000004cc                io_high
 .text          0x0000000000000500      0x200 drivers/soc/sunxi/pm/standby/../mem_timing.o
                0x0000000000000500                init_perfcounters
                0x0000000000000534                backup_perfcounter
                0x0000000000000550                restore_perfcounter
                0x000000000000056c                get_cyclecount
                0x0000000000000574                reset_counter
                0x0000000000000584                change_runtime_env
                0x00000000000005b4                delay_us
                0x0000000000000648                delay_ms
                0x000000000000067c                init_event_counter
                0x00000000000006a8                set_event_counter
                0x00000000000006d4                get_event_counter
 .text          0x0000000000000700       0xe0 drivers/soc/sunxi/pm/standby/../mem_mmu_pc.o
                0x0000000000000700                save_mmu_state
                0x000000000000073c                restore_secure_mmu_state
                0x0000000000000788                restore_mmu_state
 .text          0x00000000000007e0      0x544 drivers/soc/sunxi/pm/standby/../mem_mmu_pc_asm.o
                0x00000000000007e0                save_sp
                0x00000000000007ec                save_sp_nommu
                0x00000000000007f8                restore_sp
                0x0000000000000800                get_sp
                0x0000000000000810                get_cur_cluster_id
                0x0000000000000820                invalidate_dcache
                0x00000000000008b4                invalidate_icache
                0x00000000000008cc                flush_dcache
                0x0000000000000968                flush_icache
                0x000000000000098c                disable_cache
                0x00000000000009ac                disable_dcache
                0x00000000000009c8                disable_icache
                0x00000000000009e4                disable_l2cache
                0x0000000000000a00                enable_cache
                0x0000000000000a20                enable_icache
                0x0000000000000a3c                invalidate_branch_predictor
                0x0000000000000a54                disable_program_flow_prediction
                0x0000000000000a70                enable_program_flow_prediction
                0x0000000000000a8c                mem_flush_tlb
                0x0000000000000ab0                mem_preload_tlb
                0x0000000000000bbc                disable_mmu
                0x0000000000000bf4                enable_mmu
                0x0000000000000c34                jump_to_suspend
                0x0000000000000c50                jump_to_resume
                0x0000000000000c70                jump_to_resume0
                0x0000000000000c80                jump_to_resume0_nommu
 .text          0x0000000000000d24      0x7ac drivers/soc/sunxi/pm/standby/../mem_cpu.o
                0x0000000000000d24                __save_processor_state
                0x0000000000001128                __restore_processor_state
                0x00000000000013ec                disable_cache_invalidate
                0x0000000000001404                set_copro_default
                0x0000000000001494                save_processor_state
                0x00000000000014a0                restore_processor_state
                0x00000000000014ac                restore_processor_ttbr0
                0x00000000000014c0                set_ttbr0
 .text          0x00000000000014d0      0x50c drivers/soc/sunxi/pm/standby/../mem_serial.o
                0x0000000000001618                serial_exit
                0x000000000000164c                serial_init_nommu
                0x00000000000016d0                serial_puts_nommu
                0x0000000000001768                serial_gets_nommu
                0x00000000000017fc                serial_init_manager
                0x0000000000001810                serial_exit_manager
                0x0000000000001824                serial_init
                0x00000000000018b0                serial_puts
                0x0000000000001948                serial_gets
 .text          0x00000000000019dc      0x830 drivers/soc/sunxi/pm/standby/../mem_printk.o
                0x0000000000001c24                printk
                0x0000000000001f18                printk_nommu
 .text          0x000000000000220c      0x1dc drivers/soc/sunxi/pm/standby/../mem_divlib.o
                0x000000000000220c                standby_delay
                0x0000000000002234                standby_delay_cycle
                0x0000000000002240                Ldiv0
                0x0000000000002250                __aeabi_uidiv
                0x00000000000022ec                __aeabi_idiv
                0x00000000000023b8                __aeabi_uidivmod
                0x00000000000023d0                __aeabi_idivmod
 .text          0x00000000000023e8       0x5c drivers/soc/sunxi/pm/standby/../mem_divlibc.o
                0x00000000000023e8                __mem_div0
                0x00000000000023f4                raw_lib_udiv
 .text          0x0000000000002444      0x180 drivers/soc/sunxi/pm/standby/../mem_int.o
                0x0000000000002444                mem_int_init
                0x00000000000024d4                mem_int_exit
                0x0000000000002524                mem_enable_int
                0x0000000000002570                mem_query_int
 .text          0x00000000000025c4       0xa0 drivers/soc/sunxi/pm/standby/../mem_gpio.o
                0x00000000000025c4                mem_gpio_save
                0x00000000000025f0                mem_gpio_restore
                0x000000000000261c                config_gpio_clk
 .text          0x0000000000002664      0x1e0 drivers/soc/sunxi/pm/standby/../mem_tmr.o
                0x0000000000002664                mem_tmr_save
                0x00000000000026bc                mem_tmr_restore
                0x000000000000270c                mem_tmr_init
                0x0000000000002740                mem_tmr_exit
                0x0000000000002768                mem_tmr_enable_watchdog
                0x00000000000027b0                mem_tmr_disable_watchdog
                0x00000000000027f0                mem_tmr_set
 .text          0x0000000000002844        0x0 drivers/soc/sunxi/pm/standby/../mem_tmstmp.o
 .text          0x0000000000002844        0x0 drivers/soc/sunxi/pm/standby/../mem_hwspinlock.o
 .text          0x0000000000002844      0x358 drivers/soc/sunxi/pm/standby/../mem_clk.o
                0x0000000000002844                mem_clk_init
                0x0000000000002880                mem_get_ba
                0x0000000000002890                mem_pio_clk_src_init
                0x00000000000028b4                mem_pio_clk_src_exit
                0x00000000000028d0                mem_clk_save
                0x000000000000290c                mem_clk_restore
                0x0000000000002940                mem_clk_setdiv
                0x00000000000029b8                mem_clk_getdiv
                0x0000000000002a00                mem_clk_set_pll_factor
                0x0000000000002a5c                mem_clk_get_pll_factor
                0x0000000000002aa0                mem_clk_set_misc
                0x0000000000002b04                mem_clk_get_misc
                0x0000000000002b34                mem_clk_get_cpu_freq

.glue_7         0x0000000000002b9c        0x0
 .glue_7        0x0000000000002b9c        0x0 linker stubs

.glue_7t        0x0000000000002b9c        0x0
 .glue_7t       0x0000000000002b9c        0x0 linker stubs

.vfp11_veneer   0x0000000000002b9c        0x0
 .vfp11_veneer  0x0000000000002b9c        0x0 linker stubs

.v4_bx          0x0000000000002b9c        0x0
 .v4_bx         0x0000000000002b9c        0x0 linker stubs

.iplt           0x0000000000002b9c        0x0
 .iplt          0x0000000000002b9c        0x0 drivers/soc/sunxi/pm/standby/super/resume/resume_head.o

.rodata         0x0000000000002b9c       0x1c
 *(.rodata)
 .rodata        0x0000000000002b9c       0x10 drivers/soc/sunxi/pm/standby/../mem_timing.o
 .rodata        0x0000000000002bac        0xc drivers/soc/sunxi/pm/standby/../mem_serial.o

.rodata.str1.4  0x0000000000002bb8      0x180
 .rodata.str1.4
                0x0000000000002bb8      0x106 drivers/soc/sunxi/pm/standby/super/resume/resume1_c_part.o
 *fill*         0x0000000000002cbe        0x2 
 .rodata.str1.4
                0x0000000000002cc0       0x17 drivers/soc/sunxi/pm/standby/../pm_debug.o
 *fill*         0x0000000000002cd7        0x1 
 .rodata.str1.4
                0x0000000000002cd8       0x25 drivers/soc/sunxi/pm/standby/../mem_printk.o
 *fill*         0x0000000000002cfd        0x3 
 .rodata.str1.4
                0x0000000000002d00       0x1a drivers/soc/sunxi/pm/standby/../mem_divlibc.o
 *fill*         0x0000000000002d1a        0x2 
 .rodata.str1.4
                0x0000000000002d1c       0x1c drivers/soc/sunxi/pm/standby/../mem_int.o
                                         0x1b (size before relaxing)

.rel.dyn        0x0000000000002d38        0x0
 .rel.iplt      0x0000000000002d38        0x0 drivers/soc/sunxi/pm/standby/super/resume/resume_head.o

.data           0x0000000000002d38        0x4
 *(.data)
 .data          0x0000000000002d38        0x0 drivers/soc/sunxi/pm/standby/super/resume/resume_head.o
 .data          0x0000000000002d38        0x0 drivers/soc/sunxi/pm/standby/super/resume/resume1.o
 .data          0x0000000000002d38        0x0 drivers/soc/sunxi/pm/standby/super/common.o
 .data          0x0000000000002d38        0x0 drivers/soc/sunxi/pm/standby/super/super_twi.o
 .data          0x0000000000002d38        0x0 drivers/soc/sunxi/pm/standby/super/super_delay.o
 .data          0x0000000000002d38        0x0 drivers/soc/sunxi/pm/standby/super/super_clock.o
 .data          0x0000000000002d38        0x0 drivers/soc/sunxi/pm/standby/super/super_power.o
 .data          0x0000000000002d38        0x0 drivers/soc/sunxi/pm/standby/super/super_cpus.o
 .data          0x0000000000002d38        0x4 drivers/soc/sunxi/pm/standby/super/resume/resume1_c_part.o
 .data          0x0000000000002d3c        0x0 drivers/soc/sunxi/pm/standby/../pm_debug.o
 .data          0x0000000000002d3c        0x0 drivers/soc/sunxi/pm/standby/../mem_timing.o
 .data          0x0000000000002d3c        0x0 drivers/soc/sunxi/pm/standby/../mem_mmu_pc.o
 .data          0x0000000000002d3c        0x0 drivers/soc/sunxi/pm/standby/../mem_mmu_pc_asm.o
 .data          0x0000000000002d3c        0x0 drivers/soc/sunxi/pm/standby/../mem_cpu.o
 .data          0x0000000000002d3c        0x0 drivers/soc/sunxi/pm/standby/../mem_serial.o
 .data          0x0000000000002d3c        0x0 drivers/soc/sunxi/pm/standby/../mem_printk.o
 .data          0x0000000000002d3c        0x0 drivers/soc/sunxi/pm/standby/../mem_divlib.o
 .data          0x0000000000002d3c        0x0 drivers/soc/sunxi/pm/standby/../mem_divlibc.o
 .data          0x0000000000002d3c        0x0 drivers/soc/sunxi/pm/standby/../mem_int.o
 .data          0x0000000000002d3c        0x0 drivers/soc/sunxi/pm/standby/../mem_gpio.o
 .data          0x0000000000002d3c        0x0 drivers/soc/sunxi/pm/standby/../mem_tmr.o
 .data          0x0000000000002d3c        0x0 drivers/soc/sunxi/pm/standby/../mem_tmstmp.o
 .data          0x0000000000002d3c        0x0 drivers/soc/sunxi/pm/standby/../mem_hwspinlock.o
 .data          0x0000000000002d3c        0x0 drivers/soc/sunxi/pm/standby/../mem_clk.o
                0x0000000000002d3c                __bss_start = .

.igot.plt       0x0000000000002d3c        0x0
 .igot.plt      0x0000000000002d3c        0x0 drivers/soc/sunxi/pm/standby/super/resume/resume_head.o

.bss            0x0000000000002d3c      0x3c4
 *(.sbss)
 *(.scommon)
 *(.bss)
 .bss           0x0000000000002d3c        0x0 drivers/soc/sunxi/pm/standby/super/resume/resume_head.o
 .bss           0x0000000000002d3c        0x0 drivers/soc/sunxi/pm/standby/super/resume/resume1.o
 .bss           0x0000000000002d3c        0x0 drivers/soc/sunxi/pm/standby/super/common.o
 .bss           0x0000000000002d3c        0x0 drivers/soc/sunxi/pm/standby/super/super_twi.o
 .bss           0x0000000000002d3c        0x0 drivers/soc/sunxi/pm/standby/super/super_delay.o
 .bss           0x0000000000002d3c        0x0 drivers/soc/sunxi/pm/standby/super/super_clock.o
 .bss           0x0000000000002d3c        0x0 drivers/soc/sunxi/pm/standby/super/super_power.o
 .bss           0x0000000000002d3c        0x0 drivers/soc/sunxi/pm/standby/super/super_cpus.o
 .bss           0x0000000000002d3c        0x0 drivers/soc/sunxi/pm/standby/super/resume/resume1_c_part.o
 .bss           0x0000000000002d3c        0x4 drivers/soc/sunxi/pm/standby/../pm_debug.o
                0x0000000000002d3c                print_flag
 .bss           0x0000000000002d40       0x10 drivers/soc/sunxi/pm/standby/../mem_timing.o
 .bss           0x0000000000002d50        0x0 drivers/soc/sunxi/pm/standby/../mem_mmu_pc.o
 .bss           0x0000000000002d50        0x0 drivers/soc/sunxi/pm/standby/../mem_mmu_pc_asm.o
 .bss           0x0000000000002d50       0xa0 drivers/soc/sunxi/pm/standby/../mem_cpu.o
 .bss           0x0000000000002df0       0x14 drivers/soc/sunxi/pm/standby/../mem_serial.o
 .bss           0x0000000000002e04      0x100 drivers/soc/sunxi/pm/standby/../mem_printk.o
 .bss           0x0000000000002f04        0x0 drivers/soc/sunxi/pm/standby/../mem_divlib.o
 .bss           0x0000000000002f04        0x0 drivers/soc/sunxi/pm/standby/../mem_divlibc.o
 .bss           0x0000000000002f04        0x4 drivers/soc/sunxi/pm/standby/../mem_int.o
 .bss           0x0000000000002f08        0x4 drivers/soc/sunxi/pm/standby/../mem_gpio.o
 .bss           0x0000000000002f0c       0x10 drivers/soc/sunxi/pm/standby/../mem_tmr.o
 .bss           0x0000000000002f1c        0x0 drivers/soc/sunxi/pm/standby/../mem_tmstmp.o
 .bss           0x0000000000002f1c        0x0 drivers/soc/sunxi/pm/standby/../mem_hwspinlock.o
 .bss           0x0000000000002f1c       0x10 drivers/soc/sunxi/pm/standby/../mem_clk.o
 *(COMMON)
 COMMON         0x0000000000002f2c       0xbc drivers/soc/sunxi/pm/standby/super/resume/resume1_c_part.o
                0x0000000000002f2c                mem_para_info
                0x0000000000002fe4                func_entry
 COMMON         0x0000000000002fe8      0x118 drivers/soc/sunxi/pm/standby/../mem_cpu.o
                0x0000000000002fe8                saved_context_r13_irq
                0x0000000000002ff0                saved_context_r12_svc
                0x0000000000002ff8                saved_spsr_fiq
                0x0000000000002ffc                saved_spsr_und
                0x0000000000003000                saved_spsr_irq
                0x0000000000003004                saved_context_r13_abt
                0x000000000000300c                saved_spsr_mon
                0x0000000000003010                saved_empty_context_svc
                0x00000000000030c0                saved_context_r13_fiq
                0x00000000000030dc                saved_cpsr_svc
                0x00000000000030e0                saved_context_r13_sys
                0x00000000000030e8                saved_spsr_abt
                0x00000000000030ec                saved_context_r13_mon
                0x00000000000030f4                saved_spsr_svc
                0x00000000000030f8                saved_context_r13_und
                0x0000000000003100                __bss_end = .
                0x0000000000003100                __resume1_end = .
LOAD drivers/soc/sunxi/pm/standby/super/common.o
LOAD drivers/soc/sunxi/pm/standby/super/super_twi.o
LOAD drivers/soc/sunxi/pm/standby/super/super_delay.o
LOAD drivers/soc/sunxi/pm/standby/super/super_clock.o
LOAD drivers/soc/sunxi/pm/standby/super/super_power.o
LOAD drivers/soc/sunxi/pm/standby/super/super_cpus.o
LOAD drivers/soc/sunxi/pm/standby/super/resume/resume1.o
LOAD drivers/soc/sunxi/pm/standby/super/resume/resume_head.o
LOAD drivers/soc/sunxi/pm/standby/super/resume/resume1_c_part.o
LOAD drivers/soc/sunxi/pm/standby/../pm_debug.o
LOAD drivers/soc/sunxi/pm/standby/../mem_timing.o
LOAD drivers/soc/sunxi/pm/standby/../mem_mmu_pc.o
LOAD drivers/soc/sunxi/pm/standby/../mem_mmu_pc_asm.o
LOAD drivers/soc/sunxi/pm/standby/../mem_cpu.o
LOAD drivers/soc/sunxi/pm/standby/../mem_serial.o
LOAD drivers/soc/sunxi/pm/standby/../mem_printk.o
LOAD drivers/soc/sunxi/pm/standby/../mem_divlib.o
LOAD drivers/soc/sunxi/pm/standby/../mem_divlibc.o
LOAD drivers/soc/sunxi/pm/standby/../mem_int.o
LOAD drivers/soc/sunxi/pm/standby/../mem_gpio.o
LOAD drivers/soc/sunxi/pm/standby/../mem_tmr.o
LOAD drivers/soc/sunxi/pm/standby/../mem_tmstmp.o
LOAD drivers/soc/sunxi/pm/standby/../mem_hwspinlock.o
LOAD drivers/soc/sunxi/pm/standby/../mem_clk.o
OUTPUT(drivers/soc/sunxi/pm/standby/resume1.elf elf32-littlearm)

.debug_info     0x0000000000000000     0xb0d0
 .debug_info    0x0000000000000000      0x6b9 drivers/soc/sunxi/pm/standby/super/resume/resume_head.o
 .debug_info    0x00000000000006b9       0xb0 drivers/soc/sunxi/pm/standby/super/resume/resume1.o
 .debug_info    0x0000000000000769      0x68a drivers/soc/sunxi/pm/standby/super/common.o
 .debug_info    0x0000000000000df3      0x61d drivers/soc/sunxi/pm/standby/super/super_twi.o
 .debug_info    0x0000000000001410       0xad drivers/soc/sunxi/pm/standby/super/super_delay.o
 .debug_info    0x00000000000014bd      0x61d drivers/soc/sunxi/pm/standby/super/super_clock.o
 .debug_info    0x0000000000001ada      0x61d drivers/soc/sunxi/pm/standby/super/super_power.o
 .debug_info    0x00000000000020f7      0x61d drivers/soc/sunxi/pm/standby/super/super_cpus.o
 .debug_info    0x0000000000002714     0x1520 drivers/soc/sunxi/pm/standby/super/resume/resume1_c_part.o
 .debug_info    0x0000000000003c34      0x6fc drivers/soc/sunxi/pm/standby/../pm_debug.o
 .debug_info    0x0000000000004330      0x942 drivers/soc/sunxi/pm/standby/../mem_timing.o
 .debug_info    0x0000000000004c72      0x4e2 drivers/soc/sunxi/pm/standby/../mem_mmu_pc.o
 .debug_info    0x0000000000005154       0xad drivers/soc/sunxi/pm/standby/../mem_mmu_pc_asm.o
 .debug_info    0x0000000000005201      0x8ec drivers/soc/sunxi/pm/standby/../mem_cpu.o
 .debug_info    0x0000000000005aed     0x13f4 drivers/soc/sunxi/pm/standby/../mem_serial.o
 .debug_info    0x0000000000006ee1      0xd9c drivers/soc/sunxi/pm/standby/../mem_printk.o
 .debug_info    0x0000000000007c7d       0xa9 drivers/soc/sunxi/pm/standby/../mem_divlib.o
 .debug_info    0x0000000000007d26      0x51b drivers/soc/sunxi/pm/standby/../mem_divlibc.o
 .debug_info    0x0000000000008241      0x6f1 drivers/soc/sunxi/pm/standby/../mem_int.o
 .debug_info    0x0000000000008932      0x55f drivers/soc/sunxi/pm/standby/../mem_gpio.o
 .debug_info    0x0000000000008e91      0x831 drivers/soc/sunxi/pm/standby/../mem_tmr.o
 .debug_info    0x00000000000096c2      0x46f drivers/soc/sunxi/pm/standby/../mem_tmstmp.o
 .debug_info    0x0000000000009b31      0x46f drivers/soc/sunxi/pm/standby/../mem_hwspinlock.o
 .debug_info    0x0000000000009fa0     0x1130 drivers/soc/sunxi/pm/standby/../mem_clk.o

.debug_abbrev   0x0000000000000000     0x200d
 .debug_abbrev  0x0000000000000000      0x100 drivers/soc/sunxi/pm/standby/super/resume/resume_head.o
 .debug_abbrev  0x0000000000000100       0x14 drivers/soc/sunxi/pm/standby/super/resume/resume1.o
 .debug_abbrev  0x0000000000000114      0x124 drivers/soc/sunxi/pm/standby/super/common.o
 .debug_abbrev  0x0000000000000238       0xd9 drivers/soc/sunxi/pm/standby/super/super_twi.o
 .debug_abbrev  0x0000000000000311       0x14 drivers/soc/sunxi/pm/standby/super/super_delay.o
 .debug_abbrev  0x0000000000000325       0xd9 drivers/soc/sunxi/pm/standby/super/super_clock.o
 .debug_abbrev  0x00000000000003fe       0xd9 drivers/soc/sunxi/pm/standby/super/super_power.o
 .debug_abbrev  0x00000000000004d7       0xd9 drivers/soc/sunxi/pm/standby/super/super_cpus.o
 .debug_abbrev  0x00000000000005b0      0x25f drivers/soc/sunxi/pm/standby/super/resume/resume1_c_part.o
 .debug_abbrev  0x000000000000080f      0x215 drivers/soc/sunxi/pm/standby/../pm_debug.o
 .debug_abbrev  0x0000000000000a24      0x2b5 drivers/soc/sunxi/pm/standby/../mem_timing.o
 .debug_abbrev  0x0000000000000cd9      0x117 drivers/soc/sunxi/pm/standby/../mem_mmu_pc.o
 .debug_abbrev  0x0000000000000df0       0x14 drivers/soc/sunxi/pm/standby/../mem_mmu_pc_asm.o
 .debug_abbrev  0x0000000000000e04      0x1b7 drivers/soc/sunxi/pm/standby/../mem_cpu.o
 .debug_abbrev  0x0000000000000fbb      0x3be drivers/soc/sunxi/pm/standby/../mem_serial.o
 .debug_abbrev  0x0000000000001379      0x2d2 drivers/soc/sunxi/pm/standby/../mem_printk.o
 .debug_abbrev  0x000000000000164b       0x14 drivers/soc/sunxi/pm/standby/../mem_divlib.o
 .debug_abbrev  0x000000000000165f      0x155 drivers/soc/sunxi/pm/standby/../mem_divlibc.o
 .debug_abbrev  0x00000000000017b4      0x17d drivers/soc/sunxi/pm/standby/../mem_int.o
 .debug_abbrev  0x0000000000001931      0x171 drivers/soc/sunxi/pm/standby/../mem_gpio.o
 .debug_abbrev  0x0000000000001aa2      0x176 drivers/soc/sunxi/pm/standby/../mem_tmr.o
 .debug_abbrev  0x0000000000001c18       0xd2 drivers/soc/sunxi/pm/standby/../mem_tmstmp.o
 .debug_abbrev  0x0000000000001cea       0xd2 drivers/soc/sunxi/pm/standby/../mem_hwspinlock.o
 .debug_abbrev  0x0000000000001dbc      0x251 drivers/soc/sunxi/pm/standby/../mem_clk.o

.debug_aranges  0x0000000000000000      0x2c8
 .debug_aranges
                0x0000000000000000       0x18 drivers/soc/sunxi/pm/standby/super/resume/resume_head.o
 .debug_aranges
                0x0000000000000018       0x20 drivers/soc/sunxi/pm/standby/super/resume/resume1.o
 .debug_aranges
                0x0000000000000038       0x20 drivers/soc/sunxi/pm/standby/super/common.o
 .debug_aranges
                0x0000000000000058       0x18 drivers/soc/sunxi/pm/standby/super/super_twi.o
 .debug_aranges
                0x0000000000000070       0x20 drivers/soc/sunxi/pm/standby/super/super_delay.o
 .debug_aranges
                0x0000000000000090       0x18 drivers/soc/sunxi/pm/standby/super/super_clock.o
 .debug_aranges
                0x00000000000000a8       0x18 drivers/soc/sunxi/pm/standby/super/super_power.o
 .debug_aranges
                0x00000000000000c0       0x18 drivers/soc/sunxi/pm/standby/super/super_cpus.o
 .debug_aranges
                0x00000000000000d8       0x20 drivers/soc/sunxi/pm/standby/super/resume/resume1_c_part.o
 .debug_aranges
                0x00000000000000f8       0x20 drivers/soc/sunxi/pm/standby/../pm_debug.o
 .debug_aranges
                0x0000000000000118       0x20 drivers/soc/sunxi/pm/standby/../mem_timing.o
 .debug_aranges
                0x0000000000000138       0x20 drivers/soc/sunxi/pm/standby/../mem_mmu_pc.o
 .debug_aranges
                0x0000000000000158       0x20 drivers/soc/sunxi/pm/standby/../mem_mmu_pc_asm.o
 .debug_aranges
                0x0000000000000178       0x20 drivers/soc/sunxi/pm/standby/../mem_cpu.o
 .debug_aranges
                0x0000000000000198       0x20 drivers/soc/sunxi/pm/standby/../mem_serial.o
 .debug_aranges
                0x00000000000001b8       0x20 drivers/soc/sunxi/pm/standby/../mem_printk.o
 .debug_aranges
                0x00000000000001d8       0x20 drivers/soc/sunxi/pm/standby/../mem_divlib.o
 .debug_aranges
                0x00000000000001f8       0x20 drivers/soc/sunxi/pm/standby/../mem_divlibc.o
 .debug_aranges
                0x0000000000000218       0x20 drivers/soc/sunxi/pm/standby/../mem_int.o
 .debug_aranges
                0x0000000000000238       0x20 drivers/soc/sunxi/pm/standby/../mem_gpio.o
 .debug_aranges
                0x0000000000000258       0x20 drivers/soc/sunxi/pm/standby/../mem_tmr.o
 .debug_aranges
                0x0000000000000278       0x18 drivers/soc/sunxi/pm/standby/../mem_tmstmp.o
 .debug_aranges
                0x0000000000000290       0x18 drivers/soc/sunxi/pm/standby/../mem_hwspinlock.o
 .debug_aranges
                0x00000000000002a8       0x20 drivers/soc/sunxi/pm/standby/../mem_clk.o

.debug_line     0x0000000000000000     0x1e18
 .debug_line    0x0000000000000000      0x138 drivers/soc/sunxi/pm/standby/super/resume/resume_head.o
 .debug_line    0x0000000000000138       0x7d drivers/soc/sunxi/pm/standby/super/resume/resume1.o
 .debug_line    0x00000000000001b5      0x116 drivers/soc/sunxi/pm/standby/super/common.o
 .debug_line    0x00000000000002cb       0xe5 drivers/soc/sunxi/pm/standby/super/super_twi.o
 .debug_line    0x00000000000003b0       0x69 drivers/soc/sunxi/pm/standby/super/super_delay.o
 .debug_line    0x0000000000000419       0xe5 drivers/soc/sunxi/pm/standby/super/super_clock.o
 .debug_line    0x00000000000004fe       0xe5 drivers/soc/sunxi/pm/standby/super/super_power.o
 .debug_line    0x00000000000005e3       0xe5 drivers/soc/sunxi/pm/standby/super/super_cpus.o
 .debug_line    0x00000000000006c8      0x21c drivers/soc/sunxi/pm/standby/super/resume/resume1_c_part.o
 .debug_line    0x00000000000008e4      0x12d drivers/soc/sunxi/pm/standby/../pm_debug.o
 .debug_line    0x0000000000000a11      0x165 drivers/soc/sunxi/pm/standby/../mem_timing.o
 .debug_line    0x0000000000000b76      0x12a drivers/soc/sunxi/pm/standby/../mem_mmu_pc.o
 .debug_line    0x0000000000000ca0      0x1af drivers/soc/sunxi/pm/standby/../mem_mmu_pc_asm.o
 .debug_line    0x0000000000000e4f      0x16b drivers/soc/sunxi/pm/standby/../mem_cpu.o
 .debug_line    0x0000000000000fba      0x25a drivers/soc/sunxi/pm/standby/../mem_serial.o
 .debug_line    0x0000000000001214      0x386 drivers/soc/sunxi/pm/standby/../mem_printk.o
 .debug_line    0x000000000000159a       0xab drivers/soc/sunxi/pm/standby/../mem_divlib.o
 .debug_line    0x0000000000001645       0xee drivers/soc/sunxi/pm/standby/../mem_divlibc.o
 .debug_line    0x0000000000001733      0x15e drivers/soc/sunxi/pm/standby/../mem_int.o
 .debug_line    0x0000000000001891      0x10d drivers/soc/sunxi/pm/standby/../mem_gpio.o
 .debug_line    0x000000000000199e      0x13c drivers/soc/sunxi/pm/standby/../mem_tmr.o
 .debug_line    0x0000000000001ada       0xac drivers/soc/sunxi/pm/standby/../mem_tmstmp.o
 .debug_line    0x0000000000001b86       0xac drivers/soc/sunxi/pm/standby/../mem_hwspinlock.o
 .debug_line    0x0000000000001c32      0x1e6 drivers/soc/sunxi/pm/standby/../mem_clk.o

.debug_str      0x0000000000000000     0x1e8b
 .debug_str     0x0000000000000000      0x758 drivers/soc/sunxi/pm/standby/super/resume/resume_head.o
                                        0x7f5 (size before relaxing)
 .debug_str     0x0000000000000758       0x47 drivers/soc/sunxi/pm/standby/super/common.o
                                        0x6f4 (size before relaxing)
 .debug_str     0x000000000000079f       0x2f drivers/soc/sunxi/pm/standby/super/super_twi.o
                                        0x6d7 (size before relaxing)
 .debug_str     0x00000000000007ce       0x31 drivers/soc/sunxi/pm/standby/super/super_clock.o
                                        0x6d9 (size before relaxing)
 .debug_str     0x00000000000007ff       0x31 drivers/soc/sunxi/pm/standby/super/super_power.o
                                        0x6d9 (size before relaxing)
 .debug_str     0x0000000000000830       0x30 drivers/soc/sunxi/pm/standby/super/super_cpus.o
                                        0x6d8 (size before relaxing)
 .debug_str     0x0000000000000860      0x844 drivers/soc/sunxi/pm/standby/super/resume/resume1_c_part.o
                                       0x1028 (size before relaxing)
 .debug_str     0x00000000000010a4       0xf8 drivers/soc/sunxi/pm/standby/../pm_debug.o
                                        0x7f0 (size before relaxing)
 .debug_str     0x000000000000119c      0x1b8 drivers/soc/sunxi/pm/standby/../mem_timing.o
                                        0x8bb (size before relaxing)
 .debug_str     0x0000000000001354       0x55 drivers/soc/sunxi/pm/standby/../mem_mmu_pc.o
                                        0x5fe (size before relaxing)
 .debug_str     0x00000000000013a9      0x156 drivers/soc/sunxi/pm/standby/../mem_cpu.o
                                        0x846 (size before relaxing)
 .debug_str     0x00000000000014ff      0x1bc drivers/soc/sunxi/pm/standby/../mem_serial.o
                                        0xdaf (size before relaxing)
 .debug_str     0x00000000000016bb       0xdc drivers/soc/sunxi/pm/standby/../mem_printk.o
                                        0x7d9 (size before relaxing)
 .debug_str     0x0000000000001797       0x60 drivers/soc/sunxi/pm/standby/../mem_divlibc.o
                                        0x611 (size before relaxing)
 .debug_str     0x00000000000017f7      0x277 drivers/soc/sunxi/pm/standby/../mem_int.o
                                        0x930 (size before relaxing)
 .debug_str     0x0000000000001a6e       0x89 drivers/soc/sunxi/pm/standby/../mem_gpio.o
                                        0x64a (size before relaxing)
 .debug_str     0x0000000000001af7      0x235 drivers/soc/sunxi/pm/standby/../mem_tmr.o
                                        0x941 (size before relaxing)
 .debug_str     0x0000000000001d2c       0x2d drivers/soc/sunxi/pm/standby/../mem_tmstmp.o
                                        0x5c4 (size before relaxing)
 .debug_str     0x0000000000001d59       0x31 drivers/soc/sunxi/pm/standby/../mem_hwspinlock.o
                                        0x5c8 (size before relaxing)
 .debug_str     0x0000000000001d8a      0x101 drivers/soc/sunxi/pm/standby/../mem_clk.o
                                        0xd31 (size before relaxing)

.comment        0x0000000000000000       0x34
 .comment       0x0000000000000000       0x34 drivers/soc/sunxi/pm/standby/super/resume/resume_head.o
                                         0x35 (size before relaxing)
 .comment       0x0000000000000034       0x35 drivers/soc/sunxi/pm/standby/super/common.o
 .comment       0x0000000000000034       0x35 drivers/soc/sunxi/pm/standby/super/super_twi.o
 .comment       0x0000000000000034       0x35 drivers/soc/sunxi/pm/standby/super/super_clock.o
 .comment       0x0000000000000034       0x35 drivers/soc/sunxi/pm/standby/super/super_power.o
 .comment       0x0000000000000034       0x35 drivers/soc/sunxi/pm/standby/super/super_cpus.o
 .comment       0x0000000000000034       0x35 drivers/soc/sunxi/pm/standby/super/resume/resume1_c_part.o
 .comment       0x0000000000000034       0x35 drivers/soc/sunxi/pm/standby/../pm_debug.o
 .comment       0x0000000000000034       0x35 drivers/soc/sunxi/pm/standby/../mem_timing.o
 .comment       0x0000000000000034       0x35 drivers/soc/sunxi/pm/standby/../mem_mmu_pc.o
 .comment       0x0000000000000034       0x35 drivers/soc/sunxi/pm/standby/../mem_cpu.o
 .comment       0x0000000000000034       0x35 drivers/soc/sunxi/pm/standby/../mem_serial.o
 .comment       0x0000000000000034       0x35 drivers/soc/sunxi/pm/standby/../mem_printk.o
 .comment       0x0000000000000034       0x35 drivers/soc/sunxi/pm/standby/../mem_divlibc.o
 .comment       0x0000000000000034       0x35 drivers/soc/sunxi/pm/standby/../mem_int.o
 .comment       0x0000000000000034       0x35 drivers/soc/sunxi/pm/standby/../mem_gpio.o
 .comment       0x0000000000000034       0x35 drivers/soc/sunxi/pm/standby/../mem_tmr.o
 .comment       0x0000000000000034       0x35 drivers/soc/sunxi/pm/standby/../mem_tmstmp.o
 .comment       0x0000000000000034       0x35 drivers/soc/sunxi/pm/standby/../mem_hwspinlock.o
 .comment       0x0000000000000034       0x35 drivers/soc/sunxi/pm/standby/../mem_clk.o

.note.GNU-stack
                0x0000000000000000        0x0
 .note.GNU-stack
                0x0000000000000000        0x0 drivers/soc/sunxi/pm/standby/super/resume/resume_head.o
 .note.GNU-stack
                0x0000000000000000        0x0 drivers/soc/sunxi/pm/standby/super/common.o
 .note.GNU-stack
                0x0000000000000000        0x0 drivers/soc/sunxi/pm/standby/super/super_twi.o
 .note.GNU-stack
                0x0000000000000000        0x0 drivers/soc/sunxi/pm/standby/super/super_clock.o
 .note.GNU-stack
                0x0000000000000000        0x0 drivers/soc/sunxi/pm/standby/super/super_power.o
 .note.GNU-stack
                0x0000000000000000        0x0 drivers/soc/sunxi/pm/standby/super/super_cpus.o
 .note.GNU-stack
                0x0000000000000000        0x0 drivers/soc/sunxi/pm/standby/super/resume/resume1_c_part.o
 .note.GNU-stack
                0x0000000000000000        0x0 drivers/soc/sunxi/pm/standby/../pm_debug.o
 .note.GNU-stack
                0x0000000000000000        0x0 drivers/soc/sunxi/pm/standby/../mem_timing.o
 .note.GNU-stack
                0x0000000000000000        0x0 drivers/soc/sunxi/pm/standby/../mem_mmu_pc.o
 .note.GNU-stack
                0x0000000000000000        0x0 drivers/soc/sunxi/pm/standby/../mem_cpu.o
 .note.GNU-stack
                0x0000000000000000        0x0 drivers/soc/sunxi/pm/standby/../mem_serial.o
 .note.GNU-stack
                0x0000000000000000        0x0 drivers/soc/sunxi/pm/standby/../mem_printk.o
 .note.GNU-stack
                0x0000000000000000        0x0 drivers/soc/sunxi/pm/standby/../mem_divlibc.o
 .note.GNU-stack
                0x0000000000000000        0x0 drivers/soc/sunxi/pm/standby/../mem_int.o
 .note.GNU-stack
                0x0000000000000000        0x0 drivers/soc/sunxi/pm/standby/../mem_gpio.o
 .note.GNU-stack
                0x0000000000000000        0x0 drivers/soc/sunxi/pm/standby/../mem_tmr.o
 .note.GNU-stack
                0x0000000000000000        0x0 drivers/soc/sunxi/pm/standby/../mem_tmstmp.o
 .note.GNU-stack
                0x0000000000000000        0x0 drivers/soc/sunxi/pm/standby/../mem_hwspinlock.o
 .note.GNU-stack
                0x0000000000000000        0x0 drivers/soc/sunxi/pm/standby/../mem_clk.o

.ARM.attributes
                0x0000000000000000       0x2f
 .ARM.attributes
                0x0000000000000000       0x2f drivers/soc/sunxi/pm/standby/super/resume/resume_head.o
 .ARM.attributes
                0x000000000000002f       0x1f drivers/soc/sunxi/pm/standby/super/resume/resume1.o
 .ARM.attributes
                0x000000000000004e       0x31 drivers/soc/sunxi/pm/standby/super/common.o
 .ARM.attributes
                0x000000000000007f       0x2f drivers/soc/sunxi/pm/standby/super/super_twi.o
 .ARM.attributes
                0x00000000000000ae       0x1f drivers/soc/sunxi/pm/standby/super/super_delay.o
 .ARM.attributes
                0x00000000000000cd       0x2f drivers/soc/sunxi/pm/standby/super/super_clock.o
 .ARM.attributes
                0x00000000000000fc       0x2f drivers/soc/sunxi/pm/standby/super/super_power.o
 .ARM.attributes
                0x000000000000012b       0x2f drivers/soc/sunxi/pm/standby/super/super_cpus.o
 .ARM.attributes
                0x000000000000015a       0x31 drivers/soc/sunxi/pm/standby/super/resume/resume1_c_part.o
 .ARM.attributes
                0x000000000000018b       0x31 drivers/soc/sunxi/pm/standby/../pm_debug.o
 .ARM.attributes
                0x00000000000001bc       0x31 drivers/soc/sunxi/pm/standby/../mem_timing.o
 .ARM.attributes
                0x00000000000001ed       0x31 drivers/soc/sunxi/pm/standby/../mem_mmu_pc.o
 .ARM.attributes
                0x000000000000021e       0x1f drivers/soc/sunxi/pm/standby/../mem_mmu_pc_asm.o
 .ARM.attributes
                0x000000000000023d       0x31 drivers/soc/sunxi/pm/standby/../mem_cpu.o
 .ARM.attributes
                0x000000000000026e       0x31 drivers/soc/sunxi/pm/standby/../mem_serial.o
 .ARM.attributes
                0x000000000000029f       0x31 drivers/soc/sunxi/pm/standby/../mem_printk.o
 .ARM.attributes
                0x00000000000002d0       0x1f drivers/soc/sunxi/pm/standby/../mem_divlib.o
 .ARM.attributes
                0x00000000000002ef       0x31 drivers/soc/sunxi/pm/standby/../mem_divlibc.o
 .ARM.attributes
                0x0000000000000320       0x31 drivers/soc/sunxi/pm/standby/../mem_int.o
 .ARM.attributes
                0x0000000000000351       0x31 drivers/soc/sunxi/pm/standby/../mem_gpio.o
 .ARM.attributes
                0x0000000000000382       0x31 drivers/soc/sunxi/pm/standby/../mem_tmr.o
 .ARM.attributes
                0x00000000000003b3       0x2f drivers/soc/sunxi/pm/standby/../mem_tmstmp.o
 .ARM.attributes
                0x00000000000003e2       0x2f drivers/soc/sunxi/pm/standby/../mem_hwspinlock.o
 .ARM.attributes
                0x0000000000000411       0x31 drivers/soc/sunxi/pm/standby/../mem_clk.o

.debug_loc      0x0000000000000000     0x19f5
 .debug_loc     0x0000000000000000       0xf1 drivers/soc/sunxi/pm/standby/super/common.o
 .debug_loc     0x00000000000000f1       0x62 drivers/soc/sunxi/pm/standby/super/resume/resume1_c_part.o
 .debug_loc     0x0000000000000153       0x97 drivers/soc/sunxi/pm/standby/../pm_debug.o
 .debug_loc     0x00000000000001ea      0x2a3 drivers/soc/sunxi/pm/standby/../mem_timing.o
 .debug_loc     0x000000000000048d       0x42 drivers/soc/sunxi/pm/standby/../mem_cpu.o
 .debug_loc     0x00000000000004cf      0x545 drivers/soc/sunxi/pm/standby/../mem_serial.o
 .debug_loc     0x0000000000000a14      0x967 drivers/soc/sunxi/pm/standby/../mem_printk.o
 .debug_loc     0x000000000000137b       0xd8 drivers/soc/sunxi/pm/standby/../mem_divlibc.o
 .debug_loc     0x0000000000001453      0x1e7 drivers/soc/sunxi/pm/standby/../mem_int.o
 .debug_loc     0x000000000000163a       0xb9 drivers/soc/sunxi/pm/standby/../mem_gpio.o
 .debug_loc     0x00000000000016f3       0x6b drivers/soc/sunxi/pm/standby/../mem_tmr.o
 .debug_loc     0x000000000000175e      0x297 drivers/soc/sunxi/pm/standby/../mem_clk.o

.debug_frame    0x0000000000000000      0x80c
 .debug_frame   0x0000000000000000       0x20 drivers/soc/sunxi/pm/standby/super/common.o
 .debug_frame   0x0000000000000020       0x50 drivers/soc/sunxi/pm/standby/super/resume/resume1_c_part.o
 .debug_frame   0x0000000000000070      0x148 drivers/soc/sunxi/pm/standby/../pm_debug.o
 .debug_frame   0x00000000000001b8       0xe0 drivers/soc/sunxi/pm/standby/../mem_timing.o
 .debug_frame   0x0000000000000298       0x40 drivers/soc/sunxi/pm/standby/../mem_mmu_pc.o
 .debug_frame   0x00000000000002d8       0x90 drivers/soc/sunxi/pm/standby/../mem_cpu.o
 .debug_frame   0x0000000000000368      0x110 drivers/soc/sunxi/pm/standby/../mem_serial.o
 .debug_frame   0x0000000000000478      0x12c drivers/soc/sunxi/pm/standby/../mem_printk.o
 .debug_frame   0x00000000000005a4       0x30 drivers/soc/sunxi/pm/standby/../mem_divlibc.o
 .debug_frame   0x00000000000005d4       0x64 drivers/soc/sunxi/pm/standby/../mem_int.o
 .debug_frame   0x0000000000000638       0x40 drivers/soc/sunxi/pm/standby/../mem_gpio.o
 .debug_frame   0x0000000000000678       0x88 drivers/soc/sunxi/pm/standby/../mem_tmr.o
 .debug_frame   0x0000000000000700      0x10c drivers/soc/sunxi/pm/standby/../mem_clk.o

.debug_ranges   0x0000000000000000      0x158
 .debug_ranges  0x0000000000000000       0xa0 drivers/soc/sunxi/pm/standby/../mem_serial.o
 .debug_ranges  0x00000000000000a0       0xb8 drivers/soc/sunxi/pm/standby/../mem_printk.o
